<?xml version="1.0" encoding="utf-8"?><testsuites name="pytest tests"><testsuite name="pytest" errors="0" failures="0" skipped="0" tests="8" time="2.123" timestamp="2025-08-16T13:52:48.436050+02:00" hostname="AIM093"><testcase classname="tests.unit.test_models_simple.TestWeatherDataPoint" name="test_weather_data_creation" time="0.003" /><testcase classname="tests.unit.test_models_simple.TestWeatherDataPoint" name="test_coordinates_validation" time="0.001" /><testcase classname="tests.unit.test_models_simple.TestWeatherDataPoint" name="test_weather_provider_enum" time="0.001" /><testcase classname="tests.unit.test_models_simple.TestWeatherDataPoint" name="test_weather_data_to_dict" time="0.001" /><testcase classname="tests.integration.test_api_simple.TestAPIIntegration" name="test_weather_api_error" time="0.002" /><testcase classname="tests.integration.test_api_simple.TestAPIIntegration" name="test_rate_limiter_config" time="0.001" /><testcase classname="tests.integration.test_api_simple.TestAPIIntegration" name="test_retry_config" time="0.001" /><testcase classname="tests.integration.test_api_simple.TestAPIIntegration" name="test_weather_provider_enum" time="0.001" /></testsuite></testsuites>